Using cache found in /root/.cache/torch/hub/facebookresearch_dinov2_main
/root/.cache/torch/hub/facebookresearch_dinov2_main/dinov2/layers/swiglu_ffn.py:51: UserWarning: xFormers is not available (SwiGLU)
  warnings.warn("xFormers is not available (SwiGLU)")
/root/.cache/torch/hub/facebookresearch_dinov2_main/dinov2/layers/attention.py:33: UserWarning: xFormers is not available (Attention)
  warnings.warn("xFormers is not available (Attention)")
/root/.cache/torch/hub/facebookresearch_dinov2_main/dinov2/layers/block.py:40: UserWarning: xFormers is not available (Block)
  warnings.warn("xFormers is not available (Block)")
============================================================
LoRA Fine-Tuning Experiment (parameterized)
  rank=8 alpha=16 mix=0.7 layers=drift
  seed=42 model=dinov2_vits14 corruption=contrast epochs=10
============================================================
Device: cuda

>>> Loading CIFAR-10
Test: 1000, Train: 5000

>>> Loading DINOv2

>>> Applying adaptation to attention layers
  Drift profile from output/nb2_contrast/cka_matrix.csv
  Drift-weighted ranks: {0: 3, 1: 3, 2: 5, 3: 5, 4: 5, 5: 3, 6: 4, 7: 4, 8: 8, 9: 4, 10: 3, 11: 4}
Total params: 22,174,080
Trainable (LoRA/adapters): 117,504 (0.53%)
LoRA modules: 24 across 12 targeted block(s)
Training: 5000 images (70% corruption aug, contrast)

>>> Training
  Epoch 1/10: loss=0.6336, acc=0.7950
  Epoch 2/10: loss=0.0882, acc=0.9740
  Epoch 3/10: loss=0.0471, acc=0.9868
  Epoch 4/10: loss=0.0250, acc=0.9940
  Epoch 5/10: loss=0.0159, acc=0.9982
  Epoch 6/10: loss=0.0091, acc=1.0000
  Epoch 7/10: loss=0.0062, acc=1.0000
  Epoch 8/10: loss=0.0048, acc=1.0000
  Epoch 9/10: loss=0.0037, acc=1.0000
Using cache found in /root/.cache/torch/hub/facebookresearch_dinov2_main
  Epoch 10/10: loss=0.0025, acc=1.0000
Saved lora_training_curves.png
Saved lora_adapters.pt (48 adapter tensors)

>>> Extracting embeddings with LoRA model
  severity 0: (1000, 384)
  severity 1: (1000, 384)
  severity 2: (1000, 384)
  severity 3: (1000, 384)
  severity 4: (1000, 384)
  severity 5: (1000, 384)

>>> Linear probe evaluation
  severity 0: 0.960
  severity 1: 0.963
  severity 2: 0.957
  severity 3: 0.957
  severity 4: 0.950
  severity 5: 0.940

>>> Loading original DINOv2 for comparison

>>> Generating comparison plots
Saved lora_vs_orig_accuracy.png

============================================================
LORA EXPERIMENT COMPLETE
============================================================

Config: corruption=contrast, model=dinov2_vits14, layers=drift
  rank=8, alpha=16, per-block ranks={0: 3, 1: 3, 2: 5, 3: 5, 4: 5, 5: 3, 6: 4, 7: 4, 8: 8, 9: 4, 10: 3, 11: 4}
  mix=0.7, seed=42, epochs=10
Trainable: 117,504 / 22,174,080 (0.53%)
Training: 10 epochs, 5000 images (70% contrast aug)

Severity     Original       LoRA      Delta
------------------------------------------
0              0.9133     0.9600    +0.0467
1              0.9033     0.9633    +0.0600
2              0.8967     0.9567    +0.0600
3              0.8867     0.9567    +0.0700
4              0.8700     0.9500    +0.0800
5              0.8400     0.9400    +0.1000

Mean accuracy: Original=0.8850, LoRA=0.9544, Delta=+0.0694
Sev 5 (darkest): Original=0.8400, LoRA=0.9400, Delta=+0.1000

--- Verdict ---
✅ LoRA improved mean accuracy by +0.0694
✅ LoRA improved worst-case (sev 5) by +0.1000
============================================================
