Using cache found in /root/.cache/torch/hub/facebookresearch_dinov2_main
/root/.cache/torch/hub/facebookresearch_dinov2_main/dinov2/layers/swiglu_ffn.py:51: UserWarning: xFormers is not available (SwiGLU)
  warnings.warn("xFormers is not available (SwiGLU)")
/root/.cache/torch/hub/facebookresearch_dinov2_main/dinov2/layers/attention.py:33: UserWarning: xFormers is not available (Attention)
  warnings.warn("xFormers is not available (Attention)")
/root/.cache/torch/hub/facebookresearch_dinov2_main/dinov2/layers/block.py:40: UserWarning: xFormers is not available (Block)
  warnings.warn("xFormers is not available (Block)")
============================================================
LoRA Fine-Tuning Experiment (parameterized)
  rank=8 alpha=16 mix=0.7 layers=all
  seed=42 model=dinov2_vits14 corruption=contrast epochs=10
============================================================
Device: cuda

>>> Loading CIFAR-10
Test: 1000, Train: 5000

>>> Loading DINOv2

>>> Applying adaptation to attention layers
Total params: 22,277,760
Trainable (LoRA/adapters): 221,184 (0.99%)
LoRA modules: 24 across 12 targeted block(s)
Training: 5000 images (70% corruption aug, contrast)

>>> Training
  Epoch 1/10: loss=0.6174, acc=0.8050
  Epoch 2/10: loss=0.0791, acc=0.9748
  Epoch 3/10: loss=0.0434, acc=0.9874
  Epoch 4/10: loss=0.0232, acc=0.9956
  Epoch 5/10: loss=0.0155, acc=0.9972
  Epoch 6/10: loss=0.0087, acc=0.9996
  Epoch 7/10: loss=0.0054, acc=1.0000
  Epoch 8/10: loss=0.0042, acc=1.0000
  Epoch 9/10: loss=0.0032, acc=1.0000
Using cache found in /root/.cache/torch/hub/facebookresearch_dinov2_main
  Epoch 10/10: loss=0.0022, acc=1.0000
Saved lora_training_curves.png
Saved lora_adapters.pt (48 adapter tensors)

>>> Extracting embeddings with LoRA model
  severity 0: (1000, 384)
  severity 1: (1000, 384)
  severity 2: (1000, 384)
  severity 3: (1000, 384)
  severity 4: (1000, 384)
  severity 5: (1000, 384)

>>> Linear probe evaluation
  severity 0: 0.967
  severity 1: 0.963
  severity 2: 0.967
  severity 3: 0.963
  severity 4: 0.957
  severity 5: 0.943

>>> Loading original DINOv2 for comparison

>>> Generating comparison plots
Saved lora_vs_orig_accuracy.png

============================================================
LORA EXPERIMENT COMPLETE
============================================================

Config: corruption=contrast, model=dinov2_vits14, layers=all
  rank=8, alpha=16, per-block ranks={0: 8, 1: 8, 2: 8, 3: 8, 4: 8, 5: 8, 6: 8, 7: 8, 8: 8, 9: 8, 10: 8, 11: 8}
  mix=0.7, seed=42, epochs=10
Trainable: 221,184 / 22,277,760 (0.99%)
Training: 10 epochs, 5000 images (70% contrast aug)

Severity     Original       LoRA      Delta
------------------------------------------
0              0.9133     0.9667    +0.0533
1              0.9033     0.9633    +0.0600
2              0.8967     0.9667    +0.0700
3              0.8867     0.9633    +0.0767
4              0.8700     0.9567    +0.0867
5              0.8400     0.9433    +0.1033

Mean accuracy: Original=0.8850, LoRA=0.9600, Delta=+0.0750
Sev 5 (darkest): Original=0.8400, LoRA=0.9433, Delta=+0.1033

--- Verdict ---
✅ LoRA improved mean accuracy by +0.0750
✅ LoRA improved worst-case (sev 5) by +0.1033
============================================================
